---
source: src/parser.rs
expression: result
---
header:
  input: "feat: add cool feature"
  start: 0
  end: 22
body:
  input: some body
  start: 24
  end: 33
footer:
  input: some footer
  start: 35
  end: 46
commit_type:
  input: feat
  start: 0
  end: 4
scope: ~
subject:
  input: add cool feature
  start: 6
  end: 22
raw: "feat: add cool feature\n\nsome body\n\nsome footer"

